{
  "language": "go",
  "symbol_table": {
    "language": "go",
    "packages": []
  },
  "call_graph": {
    "language": "go",
    "nodes": [
      {
        "id": "Greet",
        "pos": {
          "file": "C://Users//ka-tu//Desktop//Tesi//codeanalyzer-go//testdata//iface//main.go",
          "line": 9,
          "column": 10
        }
      },
      {
        "id": "fmt.Println",
        "pos": {
          "file": "$GOROOT/src/fmt/print.go",
          "line": 313,
          "column": 1
        }
      },
      {
        "id": "github.com/codellm-devkit/codeanalyzer-go/testdata/iface.(github.com/codellm-devkit/codeanalyzer-go/testdata/iface.A).Greet",
        "pos": {
          "file": "C://Users//ka-tu//Desktop//Tesi//codeanalyzer-go//testdata//iface//main.go",
          "line": 9,
          "column": 10
        }
      },
      {
        "id": "github.com/codellm-devkit/codeanalyzer-go/testdata/iface.main",
        "pos": {
          "file": "C://Users//ka-tu//Desktop//Tesi//codeanalyzer-go//testdata//iface//main.go",
          "line": 15,
          "column": 6
        }
      }
    ],
    "edges": [
      {
        "src": "Greet",
        "dst": "github.com/codellm-devkit/codeanalyzer-go/testdata/iface.(github.com/codellm-devkit/codeanalyzer-go/testdata/iface.A).Greet"
      },
      {
        "src": "github.com/codellm-devkit/codeanalyzer-go/testdata/iface.(github.com/codellm-devkit/codeanalyzer-go/testdata/iface.A).Greet",
        "dst": "fmt.Println"
      },
      {
        "src": "github.com/codellm-devkit/codeanalyzer-go/testdata/iface.main",
        "dst": "Greet"
      },
      {
        "src": "github.com/codellm-devkit/codeanalyzer-go/testdata/iface.main",
        "dst": "github.com/codellm-devkit/codeanalyzer-go/testdata/iface.(github.com/codellm-devkit/codeanalyzer-go/testdata/iface.A).Greet"
      }
    ]
  }
}
